/bin/bash: /Users/alessandrodornas/Desktop/Expad 2.0/expad-roadmap-site/watcher.sh: Operation not permitted
/bin/bash: /Users/alessandrodornas/Desktop/Expad 2.0/expad-roadmap-site/watcher.sh: Operation not permitted
/bin/bash: /Users/alessandrodornas/Desktop/Expad 2.0/expad-roadmap-site/watcher.sh: Operation not permitted
/bin/bash: /Users/alessandrodornas/Desktop/Expad 2.0/expad-roadmap-site/watcher.sh: Operation not permitted
/bin/bash: /Users/alessandrodornas/Desktop/Expad 2.0/expad-roadmap-site/watcher.sh: Operation not permitted
/bin/bash: /Users/alessandrodornas/Desktop/Expad 2.0/expad-roadmap-site/watcher.sh: Operation not permitted
/bin/bash: /Users/alessandrodornas/Desktop/Expad 2.0/expad-roadmap-site/watcher.sh: Operation not permitted
/bin/bash: /Users/alessandrodornas/Desktop/Expad 2.0/expad-roadmap-site/watcher.sh: Operation not permitted
/bin/bash: /Users/alessandrodornas/Desktop/Expad 2.0/expad-roadmap-site/watcher.sh: Operation not permitted
/bin/bash: /Users/alessandrodornas/Desktop/Expad 2.0/expad-roadmap-site/watcher.sh: Operation not permitted
/bin/bash: /Users/alessandrodornas/Desktop/Expad 2.0/expad-roadmap-site/watcher.sh: Operation not permitted
/bin/bash: /Users/alessandrodornas/Desktop/Expad 2.0/expad-roadmap-site/watcher.sh: Operation not permitted
/bin/bash: /Users/alessandrodornas/Desktop/Expad 2.0/expad-roadmap-site/watcher.sh: Operation not permitted
/bin/bash: /Users/alessandrodornas/Desktop/Expad 2.0/expad-roadmap-site/watcher.sh: Operation not permitted
/bin/bash: /Users/alessandrodornas/Desktop/Expad 2.0/expad-roadmap-site/watcher.sh: Operation not permitted
/bin/bash: /Users/alessandrodornas/Desktop/Expad 2.0/expad-roadmap-site/watcher.sh: Operation not permitted
/bin/bash: /Users/alessandrodornas/Desktop/Expad 2.0/expad-roadmap-site/watcher.sh: Operation not permitted
/bin/bash: /Users/alessandrodornas/Desktop/Expad 2.0/expad-roadmap-site/watcher.sh: Operation not permitted
/bin/bash: /Users/alessandrodornas/Desktop/Expad 2.0/expad-roadmap-site/watcher.sh: Operation not permitted
/bin/bash: /Users/alessandrodornas/Desktop/Expad 2.0/expad-roadmap-site/watcher.sh: Operation not permitted
/bin/bash: /Users/alessandrodornas/Desktop/Expad 2.0/expad-roadmap-site/watcher.sh: Operation not permitted
/bin/bash: /Users/alessandrodornas/Desktop/Expad 2.0/expad-roadmap-site/watcher.sh: Operation not permitted
/bin/bash: /Users/alessandrodornas/Desktop/Expad 2.0/expad-roadmap-site/watcher.sh: Operation not permitted
/bin/bash: /Users/alessandrodornas/Desktop/Expad 2.0/expad-roadmap-site/watcher.sh: Operation not permitted
/bin/bash: /Users/alessandrodornas/Desktop/Expad 2.0/expad-roadmap-site/watcher.sh: Operation not permitted
/bin/bash: /Users/alessandrodornas/Desktop/Expad 2.0/expad-roadmap-site/watcher.sh: Operation not permitted
/bin/bash: /Users/alessandrodornas/Desktop/Expad 2.0/expad-roadmap-site/watcher.sh: Operation not permitted
/bin/bash: /Users/alessandrodornas/Desktop/Expad 2.0/expad-roadmap-site/watcher.sh: Operation not permitted
/bin/bash: /Users/alessandrodornas/Desktop/Expad 2.0/expad-roadmap-site/watcher.sh: Operation not permitted
/bin/bash: /Users/alessandrodornas/Desktop/Expad 2.0/expad-roadmap-site/watcher.sh: Operation not permitted
/bin/bash: /Users/alessandrodornas/Desktop/Expad 2.0/expad-roadmap-site/watcher.sh: Operation not permitted
/bin/bash: /Users/alessandrodornas/Desktop/Expad 2.0/expad-roadmap-site/watcher.sh: Operation not permitted
/bin/bash: /Users/alessandrodornas/Desktop/Expad 2.0/expad-roadmap-site/watcher.sh: Operation not permitted
/bin/bash: /Users/alessandrodornas/Desktop/Expad 2.0/expad-roadmap-site/watcher.sh: Operation not permitted
/bin/bash: /Users/alessandrodornas/Desktop/Expad 2.0/expad-roadmap-site/watcher.sh: Operation not permitted
/bin/bash: /Users/alessandrodornas/Desktop/Expad 2.0/expad-roadmap-site/watcher.sh: Operation not permitted
/bin/bash: /Users/alessandrodornas/Desktop/Expad 2.0/expad-roadmap-site/watcher.sh: Operation not permitted
/bin/bash: /Users/alessandrodornas/Desktop/Expad 2.0/expad-roadmap-site/watcher.sh: Operation not permitted
/bin/bash: /Users/alessandrodornas/Desktop/Expad 2.0/expad-roadmap-site/watcher.sh: Operation not permitted
/bin/bash: /Users/alessandrodornas/Desktop/Expad 2.0/expad-roadmap-site/watcher.sh: Operation not permitted
/bin/bash: /Users/alessandrodornas/Desktop/Expad 2.0/expad-roadmap-site/watcher.sh: Operation not permitted
/bin/bash: /Users/alessandrodornas/Desktop/Expad 2.0/expad-roadmap-site/watcher.sh: Operation not permitted
/bin/bash: /Users/alessandrodornas/Desktop/Expad 2.0/expad-roadmap-site/watcher.sh: Operation not permitted
/bin/bash: /Users/alessandrodornas/Desktop/Expad 2.0/expad-roadmap-site/watcher.sh: Operation not permitted
/bin/bash: /Users/alessandrodornas/Desktop/Expad 2.0/expad-roadmap-site/watcher.sh: Operation not permitted
/bin/bash: /Users/alessandrodornas/Desktop/Expad 2.0/expad-roadmap-site/watcher.sh: Operation not permitted
/bin/bash: /Users/alessandrodornas/Desktop/Expad 2.0/expad-roadmap-site/watcher.sh: Operation not permitted
/bin/bash: /Users/alessandrodornas/Desktop/Expad 2.0/expad-roadmap-site/watcher.sh: Operation not permitted
/bin/bash: /Users/alessandrodornas/Desktop/Expad 2.0/expad-roadmap-site/watcher.sh: Operation not permitted
/bin/bash: /Users/alessandrodornas/Desktop/Expad 2.0/expad-roadmap-site/watcher.sh: Operation not permitted
/bin/bash: /Users/alessandrodornas/Desktop/Expad 2.0/expad-roadmap-site/watcher.sh: Operation not permitted
/bin/bash: /Users/alessandrodornas/Desktop/Expad 2.0/expad-roadmap-site/watcher.sh: Operation not permitted
/bin/bash: /Users/alessandrodornas/Desktop/Expad 2.0/expad-roadmap-site/watcher.sh: Operation not permitted
/bin/bash: /Users/alessandrodornas/Desktop/Expad 2.0/expad-roadmap-site/watcher.sh: Operation not permitted
/bin/bash: /Users/alessandrodornas/Desktop/Expad 2.0/expad-roadmap-site/watcher.sh: Operation not permitted
/bin/bash: /Users/alessandrodornas/Desktop/Expad 2.0/expad-roadmap-site/watcher.sh: Operation not permitted
/bin/bash: /Users/alessandrodornas/Desktop/Expad 2.0/expad-roadmap-site/watcher.sh: Operation not permitted
/bin/bash: /Users/alessandrodornas/Desktop/Expad 2.0/expad-roadmap-site/watcher.sh: Operation not permitted
/bin/bash: /Users/alessandrodornas/Desktop/Expad 2.0/expad-roadmap-site/watcher.sh: Operation not permitted
/bin/bash: /Users/alessandrodornas/Desktop/Expad 2.0/expad-roadmap-site/watcher.sh: Operation not permitted
/bin/bash: /Users/alessandrodornas/Desktop/Expad 2.0/expad-roadmap-site/watcher.sh: Operation not permitted
/bin/bash: /Users/alessandrodornas/Desktop/Expad 2.0/expad-roadmap-site/watcher.sh: Operation not permitted
/bin/bash: /Users/alessandrodornas/Desktop/Expad 2.0/expad-roadmap-site/watcher.sh: Operation not permitted
/bin/bash: /Users/alessandrodornas/Desktop/Expad 2.0/expad-roadmap-site/watcher.sh: Operation not permitted
/bin/bash: /Users/alessandrodornas/Desktop/Expad 2.0/expad-roadmap-site/watcher.sh: Operation not permitted
/bin/bash: /Users/alessandrodornas/Desktop/Expad 2.0/expad-roadmap-site/watcher.sh: Operation not permitted
/bin/bash: /Users/alessandrodornas/Desktop/Expad 2.0/expad-roadmap-site/watcher.sh: Operation not permitted
/bin/bash: /Users/alessandrodornas/Desktop/Expad 2.0/expad-roadmap-site/watcher.sh: Operation not permitted
/bin/bash: /Users/alessandrodornas/Desktop/Expad 2.0/expad-roadmap-site/watcher.sh: Operation not permitted
/bin/bash: /Users/alessandrodornas/Desktop/Expad 2.0/expad-roadmap-site/watcher.sh: Operation not permitted
/bin/bash: /Users/alessandrodornas/Desktop/Expad 2.0/expad-roadmap-site/watcher.sh: Operation not permitted
/bin/bash: /Users/alessandrodornas/Desktop/Expad 2.0/expad-roadmap-site/watcher.sh: Operation not permitted
/bin/bash: /Users/alessandrodornas/Desktop/Expad 2.0/expad-roadmap-site/watcher.sh: Operation not permitted
/bin/bash: /Users/alessandrodornas/Desktop/Expad 2.0/expad-roadmap-site/watcher.sh: Operation not permitted
/bin/bash: /Users/alessandrodornas/Desktop/Expad 2.0/expad-roadmap-site/watcher.sh: Operation not permitted
/bin/bash: /Users/alessandrodornas/Desktop/Expad 2.0/expad-roadmap-site/watcher.sh: Operation not permitted
/bin/bash: /Users/alessandrodornas/Desktop/Expad 2.0/expad-roadmap-site/watcher.sh: Operation not permitted
/bin/bash: /Users/alessandrodornas/Desktop/Expad 2.0/expad-roadmap-site/watcher.sh: Operation not permitted
/bin/bash: /Users/alessandrodornas/Desktop/Expad 2.0/expad-roadmap-site/watcher.sh: Operation not permitted
/bin/bash: /Users/alessandrodornas/Desktop/Expad 2.0/expad-roadmap-site/watcher.sh: Operation not permitted
/bin/bash: /Users/alessandrodornas/Desktop/Expad 2.0/expad-roadmap-site/watcher.sh: Operation not permitted
/bin/bash: /Users/alessandrodornas/Desktop/Expad 2.0/expad-roadmap-site/watcher.sh: Operation not permitted
/bin/bash: /Users/alessandrodornas/Desktop/Expad 2.0/expad-roadmap-site/watcher.sh: Operation not permitted
/bin/bash: /Users/alessandrodornas/Desktop/Expad 2.0/expad-roadmap-site/watcher.sh: Operation not permitted
/bin/bash: /Users/alessandrodornas/Desktop/Expad 2.0/expad-roadmap-site/watcher.sh: Operation not permitted
/bin/bash: /Users/alessandrodornas/Desktop/Expad 2.0/expad-roadmap-site/watcher.sh: Operation not permitted
/bin/bash: /Users/alessandrodornas/Desktop/Expad 2.0/expad-roadmap-site/watcher.sh: Operation not permitted
/bin/bash: /Users/alessandrodornas/Desktop/Expad 2.0/expad-roadmap-site/watcher.sh: Operation not permitted
/bin/bash: /Users/alessandrodornas/Desktop/Expad 2.0/expad-roadmap-site/watcher.sh: Operation not permitted
/bin/bash: /Users/alessandrodornas/Desktop/Expad 2.0/expad-roadmap-site/watcher.sh: Operation not permitted
/bin/bash: /Users/alessandrodornas/Desktop/Expad 2.0/expad-roadmap-site/watcher.sh: Operation not permitted
/bin/bash: /Users/alessandrodornas/Desktop/Expad 2.0/expad-roadmap-site/watcher.sh: Operation not permitted
/bin/bash: /Users/alessandrodornas/Desktop/Expad 2.0/expad-roadmap-site/watcher.sh: Operation not permitted
/bin/bash: /Users/alessandrodornas/Desktop/Expad 2.0/expad-roadmap-site/watcher.sh: Operation not permitted
/bin/bash: /Users/alessandrodornas/Desktop/Expad 2.0/expad-roadmap-site/watcher.sh: Operation not permitted
/bin/bash: /Users/alessandrodornas/Desktop/Expad 2.0/expad-roadmap-site/watcher.sh: Operation not permitted
/bin/bash: /Users/alessandrodornas/Desktop/Expad 2.0/expad-roadmap-site/watcher.sh: Operation not permitted
/bin/bash: /Users/alessandrodornas/Desktop/Expad 2.0/expad-roadmap-site/watcher.sh: Operation not permitted
/bin/bash: /Users/alessandrodornas/Desktop/Expad 2.0/expad-roadmap-site/watcher.sh: Operation not permitted
/bin/bash: /Users/alessandrodornas/Desktop/Expad 2.0/expad-roadmap-site/watcher.sh: Operation not permitted
/bin/bash: /Users/alessandrodornas/Desktop/Expad 2.0/expad-roadmap-site/watcher.sh: Operation not permitted
/bin/bash: /Users/alessandrodornas/Desktop/Expad 2.0/expad-roadmap-site/watcher.sh: Operation not permitted
/bin/bash: /Users/alessandrodornas/Desktop/Expad 2.0/expad-roadmap-site/watcher.sh: Operation not permitted
/bin/bash: /Users/alessandrodornas/Desktop/Expad 2.0/expad-roadmap-site/watcher.sh: Operation not permitted
/bin/bash: /Users/alessandrodornas/Desktop/Expad 2.0/expad-roadmap-site/watcher.sh: Operation not permitted
🚀 Publicando roadmap Expad...
ℹ️  Sem projects.json novo — usando o anterior (ou clique 'Exportar público' no dashboard)
fatal: cannot lock ref 'HEAD': Unable to create '/Users/alessandrodornas/Desktop/Expad 2.0/expad-roadmap-site/.git/HEAD.lock': File exists.

Another git process seems to be running in this repository, e.g.
an editor opened by 'git commit'. Please make sure all processes
are terminated then try again. If it still fails, a git process
may have crashed in this repository earlier:
remove the file manually to continue.
error: cannot pull with rebase: You have unstaged changes.
error: additionally, your index contains uncommitted changes.
error: Please commit or stash them.
failed to store: -61
Everything up-to-date
✅ Publicado! roadmap.expad.co (público) e roadmap.expad.co/interno (dashboard)
🚀 Publicando roadmap Expad...
ℹ️  Sem projects.json novo — usando o anterior (ou clique 'Exportar público' no dashboard)
fatal: cannot lock ref 'HEAD': Unable to create '/Users/alessandrodornas/Desktop/Expad 2.0/expad-roadmap-site/.git/HEAD.lock': File exists.

Another git process seems to be running in this repository, e.g.
an editor opened by 'git commit'. Please make sure all processes
are terminated then try again. If it still fails, a git process
may have crashed in this repository earlier:
remove the file manually to continue.
error: cannot pull with rebase: You have unstaged changes.
error: additionally, your index contains uncommitted changes.
error: Please commit or stash them.
failed to store: -61
Everything up-to-date
✅ Publicado! roadmap.expad.co (público) e roadmap.expad.co/interno (dashboard)
🚀 Publicando roadmap Expad...
ℹ️  Sem projects.json novo — usando o anterior (ou clique 'Exportar público' no dashboard)
fatal: cannot lock ref 'HEAD': Unable to create '/Users/alessandrodornas/Desktop/Expad 2.0/expad-roadmap-site/.git/HEAD.lock': File exists.

Another git process seems to be running in this repository, e.g.
an editor opened by 'git commit'. Please make sure all processes
are terminated then try again. If it still fails, a git process
may have crashed in this repository earlier:
remove the file manually to continue.
error: cannot pull with rebase: You have unstaged changes.
error: additionally, your index contains uncommitted changes.
error: Please commit or stash them.
failed to store: -61
Everything up-to-date
✅ Publicado! roadmap.expad.co (público) e roadmap.expad.co/interno (dashboard)
🚀 Publicando roadmap Expad...
ℹ️  Sem projects.json novo — usando o anterior (ou clique 'Exportar público' no dashboard)
fatal: cannot lock ref 'HEAD': Unable to create '/Users/alessandrodornas/Desktop/Expad 2.0/expad-roadmap-site/.git/HEAD.lock': File exists.

Another git process seems to be running in this repository, e.g.
an editor opened by 'git commit'. Please make sure all processes
are terminated then try again. If it still fails, a git process
may have crashed in this repository earlier:
remove the file manually to continue.
error: cannot pull with rebase: You have unstaged changes.
error: additionally, your index contains uncommitted changes.
error: Please commit or stash them.
failed to store: -61
Everything up-to-date
✅ Publicado! roadmap.expad.co (público) e roadmap.expad.co/interno (dashboard)
🚀 Publicando roadmap Expad...
ℹ️  Sem projects.json novo — usando o anterior (ou clique 'Exportar público' no dashboard)
fatal: cannot lock ref 'HEAD': Unable to create '/Users/alessandrodornas/Desktop/Expad 2.0/expad-roadmap-site/.git/HEAD.lock': File exists.

Another git process seems to be running in this repository, e.g.
an editor opened by 'git commit'. Please make sure all processes
are terminated then try again. If it still fails, a git process
may have crashed in this repository earlier:
remove the file manually to continue.
error: cannot pull with rebase: You have unstaged changes.
error: additionally, your index contains uncommitted changes.
error: Please commit or stash them.
failed to store: -61
Everything up-to-date
✅ Publicado! roadmap.expad.co (público) e roadmap.expad.co/interno (dashboard)
🚀 Publicando roadmap Expad...
ℹ️  Sem projects.json novo — usando o anterior (ou clique 'Exportar público' no dashboard)
fatal: cannot lock ref 'HEAD': Unable to create '/Users/alessandrodornas/Desktop/Expad 2.0/expad-roadmap-site/.git/HEAD.lock': File exists.

Another git process seems to be running in this repository, e.g.
an editor opened by 'git commit'. Please make sure all processes
are terminated then try again. If it still fails, a git process
may have crashed in this repository earlier:
remove the file manually to continue.
error: cannot pull with rebase: You have unstaged changes.
error: additionally, your index contains uncommitted changes.
error: Please commit or stash them.
failed to store: -61
Everything up-to-date
✅ Publicado! roadmap.expad.co (público) e roadmap.expad.co/interno (dashboard)
🚀 Publicando roadmap Expad...
ℹ️  Sem projects.json novo — usando o anterior (ou clique 'Exportar público' no dashboard)
fatal: cannot lock ref 'HEAD': Unable to create '/Users/alessandrodornas/Desktop/Expad 2.0/expad-roadmap-site/.git/HEAD.lock': File exists.

Another git process seems to be running in this repository, e.g.
an editor opened by 'git commit'. Please make sure all processes
are terminated then try again. If it still fails, a git process
may have crashed in this repository earlier:
remove the file manually to continue.
error: cannot pull with rebase: You have unstaged changes.
error: additionally, your index contains uncommitted changes.
error: Please commit or stash them.
failed to store: -61
Everything up-to-date
✅ Publicado! roadmap.expad.co (público) e roadmap.expad.co/interno (dashboard)
🚀 Publicando roadmap Expad...
ℹ️  Sem projects.json novo — usando o anterior (ou clique 'Exportar público' no dashboard)
fatal: cannot lock ref 'HEAD': Unable to create '/Users/alessandrodornas/Desktop/Expad 2.0/expad-roadmap-site/.git/HEAD.lock': File exists.

Another git process seems to be running in this repository, e.g.
an editor opened by 'git commit'. Please make sure all processes
are terminated then try again. If it still fails, a git process
may have crashed in this repository earlier:
remove the file manually to continue.
error: cannot pull with rebase: You have unstaged changes.
error: additionally, your index contains uncommitted changes.
error: Please commit or stash them.
failed to store: -61
Everything up-to-date
✅ Publicado! roadmap.expad.co (público) e roadmap.expad.co/interno (dashboard)
🚀 Publicando roadmap Expad...
ℹ️  Sem projects.json novo — usando o anterior (ou clique 'Exportar público' no dashboard)
fatal: cannot lock ref 'HEAD': Unable to create '/Users/alessandrodornas/Desktop/Expad 2.0/expad-roadmap-site/.git/HEAD.lock': File exists.

Another git process seems to be running in this repository, e.g.
an editor opened by 'git commit'. Please make sure all processes
are terminated then try again. If it still fails, a git process
may have crashed in this repository earlier:
remove the file manually to continue.
error: cannot pull with rebase: You have unstaged changes.
error: additionally, your index contains uncommitted changes.
error: Please commit or stash them.
failed to store: -61
Everything up-to-date
✅ Publicado! roadmap.expad.co (público) e roadmap.expad.co/interno (dashboard)
🚀 Publicando roadmap Expad...
ℹ️  Sem projects.json novo — usando o anterior (ou clique 'Exportar público' no dashboard)
fatal: cannot lock ref 'HEAD': Unable to create '/Users/alessandrodornas/Desktop/Expad 2.0/expad-roadmap-site/.git/HEAD.lock': File exists.

Another git process seems to be running in this repository, e.g.
an editor opened by 'git commit'. Please make sure all processes
are terminated then try again. If it still fails, a git process
may have crashed in this repository earlier:
remove the file manually to continue.
error: cannot pull with rebase: You have unstaged changes.
error: additionally, your index contains uncommitted changes.
error: Please commit or stash them.
failed to store: -61
Everything up-to-date
✅ Publicado! roadmap.expad.co (público) e roadmap.expad.co/interno (dashboard)
🚀 Publicando roadmap Expad...
ℹ️  Sem projects.json novo — usando o anterior (ou clique 'Exportar público' no dashboard)
fatal: cannot lock ref 'HEAD': Unable to create '/Users/alessandrodornas/Desktop/Expad 2.0/expad-roadmap-site/.git/HEAD.lock': File exists.

Another git process seems to be running in this repository, e.g.
an editor opened by 'git commit'. Please make sure all processes
are terminated then try again. If it still fails, a git process
may have crashed in this repository earlier:
remove the file manually to continue.
error: cannot pull with rebase: You have unstaged changes.
error: additionally, your index contains uncommitted changes.
error: Please commit or stash them.
fatal: unable to access 'https://github.com/AleExpad/expad-roadmap.git/': Could not resolve host: github.com
✅ Publicado! roadmap.expad.co (público) e roadmap.expad.co/interno (dashboard)
🚀 Publicando roadmap Expad...
ℹ️  Sem projects.json novo — usando o anterior (ou clique 'Exportar público' no dashboard)
